Copyright 1986-2021 Xilinx, Inc. All Rights Reserved.
------------------------------------------------------------------------------------
| Tool Version : Vivado v.2021.1 (win64) Build 3247384 Thu Jun 10 19:36:33 MDT 2021
| Date         : Thu Nov 23 08:24:56 2023
| Host         : xiaoxin running 64-bit major release  (build 9200)
| Command      : report_control_sets -verbose -file top_control_sets_placed.rpt
| Design       : top
| Device       : xc7a100t
------------------------------------------------------------------------------------

Control Set Information

Table of Contents
-----------------
1. Summary
2. Histogram
3. Flip-Flop Distribution
4. Detailed Control Set Information

1. Summary
----------

+----------------------------------------------------------+-------+
|                          Status                          | Count |
+----------------------------------------------------------+-------+
| Total control sets                                       |   100 |
|    Minimum number of control sets                        |   100 |
|    Addition due to synthesis replication                 |     0 |
|    Addition due to physical synthesis replication        |     0 |
| Unused register locations in slices containing registers |   568 |
+----------------------------------------------------------+-------+
* Control sets can be merged at opt_design using control_set_merge or merge_equivalent_drivers
** Run report_qor_suggestions for automated merging and remapping suggestions


2. Histogram
------------

+--------------------+-------+
|       Fanout       | Count |
+--------------------+-------+
| Total control sets |   100 |
| >= 0 to < 4        |    62 |
| >= 4 to < 6        |     9 |
| >= 6 to < 8        |     3 |
| >= 8 to < 10       |     4 |
| >= 10 to < 12      |     2 |
| >= 12 to < 14      |     4 |
| >= 14 to < 16      |     1 |
| >= 16              |    15 |
+--------------------+-------+
* Control sets can be remapped at either synth_design or opt_design


3. Flip-Flop Distribution
-------------------------

+--------------+-----------------------+------------------------+-----------------+--------------+
| Clock Enable | Synchronous Set/Reset | Asynchronous Set/Reset | Total Registers | Total Slices |
+--------------+-----------------------+------------------------+-----------------+--------------+
| No           | No                    | No                     |              63 |           29 |
| No           | No                    | Yes                    |             200 |           94 |
| No           | Yes                   | No                     |              25 |           25 |
| Yes          | No                    | No                     |              72 |           22 |
| Yes          | No                    | Yes                    |             125 |           32 |
| Yes          | Yes                   | No                     |             155 |           50 |
+--------------+-----------------------+------------------------+-----------------+--------------+


4. Detailed Control Set Information
-----------------------------------

+--------------------------------------------------------------+-----------------------------------------------------------------------------------------------+-----------------------------------------------------------------------------------------------+------------------+----------------+--------------+
|                         Clock Signal                         |                                         Enable Signal                                         |                                        Set/Reset Signal                                       | Slice Load Count | Bel Load Count | Bels / Slice |
+--------------------------------------------------------------+-----------------------------------------------------------------------------------------------+-----------------------------------------------------------------------------------------------+------------------+----------------+--------------+
|  password_in/data_bcd_reg[10]_LDC_i_1_n_0                    |                                                                                               | state_machine/display_max_reg_10                                                              |                1 |              1 |         1.00 |
|  password_in/data_bcd_reg[16]_LDC_i_1_n_0                    |                                                                                               | state_machine/display_max_reg_16                                                              |                1 |              1 |         1.00 |
|  password_in/data_bcd_reg[17]_LDC_i_1_n_0                    |                                                                                               | state_machine/display_max_reg_17                                                              |                1 |              1 |         1.00 |
|  password_in/data_bcd_reg[12]_LDC_i_1_n_0                    |                                                                                               | state_machine/display_max_reg_12                                                              |                1 |              1 |         1.00 |
|  password_in/data_bcd_reg[0]_LDC_i_1_n_0                     |                                                                                               | state_machine/display_max_reg_0                                                               |                1 |              1 |         1.00 |
|  password_in/data_bcd_reg[11]_LDC_i_1_n_0                    |                                                                                               | state_machine/display_max_reg_11                                                              |                1 |              1 |         1.00 |
|  password_in/data_bcd_reg[15]_LDC_i_1_n_0                    |                                                                                               | state_machine/display_max_reg_15                                                              |                1 |              1 |         1.00 |
|  password_in/data_bcd_reg[14]_LDC_i_1_n_0                    |                                                                                               | state_machine/display_max_reg_14                                                              |                1 |              1 |         1.00 |
|  password_in/data_bcd_reg[18]_LDC_i_1_n_0                    |                                                                                               | state_machine/display_max_reg_18                                                              |                1 |              1 |         1.00 |
|  password_in/data_bcd_reg[13]_LDC_i_1_n_0                    |                                                                                               | state_machine/display_max_reg_13                                                              |                1 |              1 |         1.00 |
|  password_in/data_bcd_reg[8]_LDC_i_1_n_0                     |                                                                                               | state_machine/display_max_reg_8                                                               |                1 |              1 |         1.00 |
|  password_in/data_bcd_reg[23]_LDC_i_1_n_0                    |                                                                                               | state_machine/display_max_reg_23                                                              |                1 |              1 |         1.00 |
|  password_in/data_bcd_reg[1]_LDC_i_1_n_0                     |                                                                                               | state_machine/display_max_reg_1                                                               |                1 |              1 |         1.00 |
|  password_in/data_bcd_reg[22]_LDC_i_1_n_0                    |                                                                                               | state_machine/display_max_reg_22                                                              |                1 |              1 |         1.00 |
|  password_in/data_bcd_reg[20]_LDC_i_1_n_0                    |                                                                                               | state_machine/display_max_reg_20                                                              |                1 |              1 |         1.00 |
|  password_in/data_bcd_reg[9]_LDC_i_1_n_0                     |                                                                                               | state_machine/display_max_reg_9                                                               |                1 |              1 |         1.00 |
|  password_in/data_bcd_reg[2]_LDC_i_1_n_0                     |                                                                                               | state_machine/display_max_reg_2                                                               |                1 |              1 |         1.00 |
|  password_in/data_bcd_reg[19]_LDC_i_1_n_0                    |                                                                                               | state_machine/display_max_reg_19                                                              |                1 |              1 |         1.00 |
|  password_in/data_bcd_reg[5]_LDC_i_1_n_0                     |                                                                                               | state_machine/display_max_reg_5                                                               |                1 |              1 |         1.00 |
|  password_in/data_bcd_reg[21]_LDC_i_1_n_0                    |                                                                                               | state_machine/display_max_reg_21                                                              |                1 |              1 |         1.00 |
|  password_in/data_bcd_reg[3]_LDC_i_1_n_0                     |                                                                                               | state_machine/display_max_reg_3                                                               |                1 |              1 |         1.00 |
|  password_in/data_bcd_reg[4]_LDC_i_1_n_0                     |                                                                                               | state_machine/display_max_reg_4                                                               |                1 |              1 |         1.00 |
|  password_in/data_bcd_reg[6]_LDC_i_1_n_0                     |                                                                                               | state_machine/display_max_reg_6                                                               |                1 |              1 |         1.00 |
|  password_in/data_bcd_reg[7]_LDC_i_1_n_0                     |                                                                                               | state_machine/display_max_reg_7                                                               |                1 |              1 |         1.00 |
|  state_machine/rst                                           |                                                                                               | state_machine/rst_0                                                                           |                1 |              1 |         1.00 |
|  clk_IBUF_BUFG                                               |                                                                                               |                                                                                               |                1 |              1 |         1.00 |
|  clk_IBUF_BUFG                                               |                                                                                               | password_in/data_bcd_reg[16]_LDC_i_1_n_0                                                      |                1 |              1 |         1.00 |
|  clk_IBUF_BUFG                                               |                                                                                               | password_in/data_bcd_reg[12]_LDC_i_1_n_0                                                      |                1 |              1 |         1.00 |
|  clk_IBUF_BUFG                                               |                                                                                               | password_in/data_bcd_reg[0]_LDC_i_1_n_0                                                       |                1 |              1 |         1.00 |
|  clk_IBUF_BUFG                                               |                                                                                               | password_in/data_bcd_reg[8]_LDC_i_1_n_0                                                       |                1 |              1 |         1.00 |
|  clk_IBUF_BUFG                                               |                                                                                               | password_in/data_bcd_reg[20]_LDC_i_1_n_0                                                      |                1 |              1 |         1.00 |
|  clk_IBUF_BUFG                                               |                                                                                               | password_in/data_bcd_reg[4]_LDC_i_1_n_0                                                       |                1 |              1 |         1.00 |
|  clk_IBUF_BUFG                                               |                                                                                               | state_machine/display_max_reg_12                                                              |                1 |              1 |         1.00 |
|  clk_IBUF_BUFG                                               |                                                                                               | state_machine/display_max_reg_16                                                              |                1 |              1 |         1.00 |
|  clk_IBUF_BUFG                                               |                                                                                               | state_machine/display_max_reg_17                                                              |                1 |              1 |         1.00 |
|  clk_IBUF_BUFG                                               |                                                                                               | state_machine/display_max_reg_23                                                              |                1 |              1 |         1.00 |
|  clk_IBUF_BUFG                                               |                                                                                               | state_machine/display_max_reg_2                                                               |                1 |              1 |         1.00 |
|  clk_IBUF_BUFG                                               |                                                                                               | state_machine/display_max_reg_9                                                               |                1 |              1 |         1.00 |
|  clk_IBUF_BUFG                                               |                                                                                               | state_machine/display_max_reg_21                                                              |                1 |              1 |         1.00 |
|  clk_IBUF_BUFG                                               |                                                                                               | state_machine/display_max_reg_10                                                              |                1 |              1 |         1.00 |
|  clk_IBUF_BUFG                                               |                                                                                               | state_machine/display_max_reg_18                                                              |                1 |              1 |         1.00 |
|  clk_IBUF_BUFG                                               |                                                                                               | state_machine/display_max_reg_8                                                               |                1 |              1 |         1.00 |
|  clk_IBUF_BUFG                                               |                                                                                               | state_machine/display_max_reg_13                                                              |                1 |              1 |         1.00 |
|  clk_IBUF_BUFG                                               |                                                                                               | state_machine/display_max_reg_3                                                               |                1 |              1 |         1.00 |
|  clk_IBUF_BUFG                                               |                                                                                               | state_machine/display_max_reg_20                                                              |                1 |              1 |         1.00 |
|  clk_IBUF_BUFG                                               |                                                                                               | state_machine/display_max_reg_11                                                              |                1 |              1 |         1.00 |
|  clk_IBUF_BUFG                                               |                                                                                               | state_machine/display_max_reg_14                                                              |                1 |              1 |         1.00 |
|  clk_IBUF_BUFG                                               |                                                                                               | state_machine/display_max_reg_22                                                              |                1 |              1 |         1.00 |
|  clk_IBUF_BUFG                                               |                                                                                               | state_machine/display_max_reg_1                                                               |                1 |              1 |         1.00 |
|  clk_IBUF_BUFG                                               |                                                                                               | state_machine/display_max_reg_19                                                              |                1 |              1 |         1.00 |
|  clk_IBUF_BUFG                                               |                                                                                               | state_machine/display_max_reg_4                                                               |                1 |              1 |         1.00 |
|  clk_IBUF_BUFG                                               |                                                                                               | state_machine/display_max_reg_6                                                               |                1 |              1 |         1.00 |
|  clk_IBUF_BUFG                                               |                                                                                               | state_machine/display_max_reg_0                                                               |                1 |              1 |         1.00 |
|  clk_IBUF_BUFG                                               |                                                                                               | state_machine/display_max_reg_15                                                              |                1 |              1 |         1.00 |
|  clk_IBUF_BUFG                                               |                                                                                               | state_machine/display_max_reg_7                                                               |                1 |              1 |         1.00 |
|  clk_IBUF_BUFG                                               |                                                                                               | state_machine/display_max_reg_5                                                               |                1 |              1 |         1.00 |
|  clk1k_BUFG                                                  |                                                                                               | state_machine/rst                                                                             |                1 |              1 |         1.00 |
|  clk1k_BUFG                                                  |                                                                                               | state_machine/rst_0                                                                           |                1 |              1 |         1.00 |
|  cnt_message_reg[4]_i_4_n_0                                  | password_in/bluetooth/uart_t_1/tx1_out                                                        |                                                                                               |                1 |              1 |         1.00 |
|  camera_vga_display_top/clock_PLL_100_50_25MHz/inst/clk_out3 | camera_vga_display_top/ov7670_setup_module_top/sccb_communication/SIOC_reg1_out               |                                                                                               |                1 |              1 |         1.00 |
|  camera_vga_display_top/clock_PLL_100_50_25MHz/inst/clk_out3 | resetc_IBUF                                                                                   |                                                                                               |                2 |              2 |         1.00 |
|  frequency_division/clk3k                                    |                                                                                               |                                                                                               |                2 |              3 |         1.50 |
|  camera_vga_display_top/clock_PLL_100_50_25MHz/inst/clk_out3 | camera_vga_display_top/ov7670_setup_module_top/sccb_communication/timer                       | camera_vga_display_top/ov7670_setup_module_top/sccb_communication/FSM_return_state[3]_i_1_n_0 |                1 |              4 |         4.00 |
|  p_1_in                                                      |                                                                                               | state_machine/clear_reg_0[0]                                                                  |                1 |              4 |         4.00 |
|  camera_vga_display_top/clock_PLL_100_50_25MHz/inst/clk_out3 | camera_vga_display_top/ov7670_setup_module_top/sccb_communication/SCCB_FSM_state[3]_i_1_n_0   | camera_vga_display_top/ov7670_read/resetc                                                     |                2 |              4 |         2.00 |
|  camera_vga_display_top/clock_PLL_100_50_25MHz/inst/clk_out3 | camera_vga_display_top/ov7670_setup_module_top/sccb_communication/bit_index                   |                                                                                               |                1 |              4 |         4.00 |
|  camera_vga_display_top/clock_PLL_100_50_25MHz/inst/clk_out3 | camera_vga_display_top/ov7670_setup_module_top/sccb_communication/FSM_return_state[3]_i_1_n_0 |                                                                                               |                2 |              4 |         2.00 |
|  frequency_division/clk4k_reg_0                              |                                                                                               | rst_IBUF                                                                                      |                1 |              4 |         4.00 |
|  camera_vga_display_top/clock_PLL_100_50_25MHz/inst/clk_out3 | camera_vga_display_top/system_control_fsm/timer_0                                             |                                                                                               |                2 |              4 |         2.00 |
|  cnt_message_reg[4]_i_4_n_0                                  | password_in/bluetooth/uart_r_1/cnt_message[4]_i_2__0_n_0                                      | password_in/bluetooth/uart_r_1/cnt_message[4]_i_1_n_0                                         |                2 |              5 |         2.50 |
|  cnt_message_reg[4]_i_4_n_0                                  | password_in/bluetooth/uart_t_1/cnt_message[4]_i_2_n_0                                         | password_in/bluetooth/uart_t_1/cnt_message[4]_i_1__0_n_0                                      |                1 |              5 |         5.00 |
|  camera_vga_display_top/clock_PLL_100_50_25MHz/inst/clk_out2 |                                                                                               |                                                                                               |                6 |              7 |         1.17 |
|  clk1k_BUFG                                                  | state_machine/state[7]_i_1_n_0                                                                | state_delay/AR[0]                                                                             |                1 |              7 |         7.00 |
|  camera_vga_display_top/clock_PLL_100_50_25MHz/inst/clk_out3 | camera_vga_display_top/ov7670_setup_module_top/ov767_setup/timer                              | camera_vga_display_top/ov7670_setup_module_top/ov767_setup/timer[17]_i_1_n_0                  |                3 |              7 |         2.33 |
|  camera_vga_display_top/clock_PLL_100_50_25MHz/inst/clk_out3 | camera_vga_display_top/ov7670_setup_module_top/sccb_communication/load_txm_byte_1             |                                                                                               |                2 |              8 |         4.00 |
|  cnt_message_reg[4]_i_4_n_0                                  | password_in/bluetooth/uart_r_1/message[7]_i_1_n_0                                             |                                                                                               |                4 |              8 |         2.00 |
|  camera_vga_display_top/clock_PLL_100_50_25MHz/inst/clk_out3 | camera_vga_display_top/ov7670_setup_module_top/ov767_setup/rom_select_reg[7]_i_1_n_0          | camera_vga_display_top/ov7670_read/resetc                                                     |                2 |              8 |         4.00 |
|  camera_vga_display_top/clock_PLL_100_50_25MHz/inst/clk_out3 | camera_vga_display_top/system_control_fsm/timer_0                                             | camera_vga_display_top/system_control_fsm/timer[22]_i_1_n_0                                   |                3 |              9 |         3.00 |
|  camera_vga_display_top/clock_PLL_100_50_25MHz/inst/clk_out3 | camera_vga_display_top/vga_control/vcount_0                                                   | camera_vga_display_top/ov7670_read/resetc                                                     |                3 |             10 |         3.33 |
|  cnt_message_reg[4]_i_4_n_0                                  |                                                                                               |                                                                                               |                5 |             11 |         2.20 |
|  clk1k_BUFG                                                  |                                                                                               | state_delay/AR[0]                                                                             |                7 |             12 |         1.71 |
|  pclk_IBUF_BUFG                                              | camera_vga_display_top/ov7670_read/save_data_reg[11]_i_1_n_0                                  | camera_vga_display_top/ov7670_read/resetc                                                     |                5 |             13 |         2.60 |
|  cnt_message_reg[4]_i_4_n_0                                  | password_in/bluetooth/uart_r_1/cnt_clk[12]_i_2_n_0                                            | password_in/bluetooth/uart_r_1/cnt_clk[12]_i_1_n_0                                            |                4 |             13 |         3.25 |
|  cnt_message_reg[4]_i_4_n_0                                  | password_in/bluetooth/uart_t_1/cnt_clk[0]_i_2_n_0                                             | password_in/bluetooth/uart_r_1/t_start19_out                                                  |                4 |             13 |         3.25 |
|  camera_vga_display_top/clock_PLL_100_50_25MHz/inst/clk_out3 |                                                                                               |                                                                                               |                8 |             14 |         1.75 |
|  camera_vga_display_top/clock_PLL_100_50_25MHz/inst/clk_out3 | camera_vga_display_top/ov7670_setup_module_top/sccb_communication/sub_address_reg_0           |                                                                                               |                3 |             16 |         5.33 |
|  camera_vga_display_top/clock_PLL_100_50_25MHz/inst/clk_out3 | camera_vga_display_top/ov7670_setup_module_top/ov767_setup/sccb_set_data_reg[7]_i_1_n_0       | camera_vga_display_top/ov7670_read/resetc                                                     |                5 |             16 |         3.20 |
|  camera_vga_display_top/clock_PLL_100_50_25MHz/inst/clk_out3 | camera_vga_display_top/vga_control/read_RAM_address_reg[16]_i_1_n_0                           | camera_vga_display_top/ov7670_read/resetc                                                     |                3 |             17 |         5.67 |
|  pclk_IBUF_BUFG                                              | camera_vga_display_top/ov7670_read/save_address_next[0]_i_1_n_0                               | camera_vga_display_top/ov7670_read/resetc                                                     |                5 |             17 |         3.40 |
|  frequency_division/CLK                                      |                                                                                               | state_delay/AR[0]                                                                             |                8 |             18 |         2.25 |
|  camera_vga_display_top/clock_PLL_100_50_25MHz/inst/clk_out3 | camera_vga_display_top/system_control_fsm/timer_0                                             | camera_vga_display_top/system_control_fsm/timer[31]_i_1__0_n_0                                |                8 |             19 |         2.38 |
|  clk1k_BUFG                                                  | state_machine/password_main                                                                   |                                                                                               |                4 |             24 |         6.00 |
|  camera_vga_display_top/clock_PLL_100_50_25MHz/inst/clk_out3 | camera_vga_display_top/ov7670_setup_module_top/ov767_setup/timer                              | camera_vga_display_top/ov7670_setup_module_top/ov767_setup/timer[31]_i_1__1_n_0               |                8 |             25 |         3.12 |
|  camera_vga_display_top/clock_PLL_100_50_25MHz/inst/clk_out3 | camera_vga_display_top/ov7670_setup_module_top/sccb_communication/timer                       | camera_vga_display_top/ov7670_setup_module_top/sccb_communication/timer[31]_i_1_n_0           |                7 |             25 |         3.57 |
|  clk1k_BUFG                                                  |                                                                                               |                                                                                               |                7 |             27 |         3.86 |
|  camera_vga_display_top/clock_PLL_100_50_25MHz/inst/clk_out3 |                                                                                               | camera_vga_display_top/ov7670_read/resetc                                                     |               13 |             27 |         2.08 |
|  clk1k_BUFG                                                  | state_machine/state_reg[1]_0                                                                  | state_machine/state_reg[1]_1                                                                  |                9 |             30 |         3.33 |
| ~p_1_in                                                      | password_in/count[2]_i_1_n_0                                                                  | state_machine/clear_reg_0[0]                                                                  |                6 |             33 |         5.50 |
|  pclk_IBUF_BUFG                                              |                                                                                               | camera_vga_display_top/ov7670_read/resetc                                                     |               11 |             34 |         3.09 |
|  clk_IBUF_BUFG                                               |                                                                                               | rst_IBUF                                                                                      |               21 |             69 |         3.29 |
+--------------------------------------------------------------+-----------------------------------------------------------------------------------------------+-----------------------------------------------------------------------------------------------+------------------+----------------+--------------+


